<html>
    <head>
        <meta name="if:Show people I follow" content="1"/>
        <meta name="if:Reverse pagination" content="0"/>
    </head>
    <body>
        <a href="...">Previous</a> <a href="...">Next</a>
        

        

        <div id="following">...</div>
        
    </body>
</html>
